// Jest Snapshot v1, https://goo.gl/fbAQLP

exports[`app should render correctly 1`] = `
<div>
  <nav
    className="navbar navbar-inverse"
  >
    <div
      className="container"
    >
      <div
        className="navbar-header"
      >
        <a
          className="navbar-brand"
          href="https://www.ensembl.org"
        >
          Ensembl
        </a>
        <button
          className="navbar-toggle collapsed"
          onClick={[Function]}
          type="button"
        >
          <span
            className="sr-only"
          >
            Toggle navigation
          </span>
          <span
            className="icon-bar"
          />
          <span
            className="icon-bar"
          />
          <span
            className="icon-bar"
          />
        </button>
      </div>
      <div
        aria-expanded={null}
        className="navbar-collapse collapse"
      >
        <ul
          className="nav navbar-nav"
          role={null}
        >
          <li
            className=""
            role="presentation"
            style={undefined}
          >
            <a
              href="/find-proteins"
              onClick={[Function]}
              onKeyDown={[Function]}
            >
              Find Protein
            </a>
          </li>
          <li
            className=""
            role="presentation"
            style={undefined}
          >
            <a
              href="/hgvs"
              onClick={[Function]}
              onKeyDown={[Function]}
            >
              HGVS
            </a>
          </li>
        </ul>
        <ul
          className="nav navbar-nav navbar-right"
          role={null}
        >
          <li
            className=""
            role="presentation"
            style={undefined}
          >
            <a
              href="https://rest.ensembl.org/"
              onClick={[Function]}
              onKeyDown={[Function]}
            >
              API
            </a>
          </li>
        </ul>
      </div>
    </div>
  </nav>
  <div
    className="container"
  >
    <div
      className="form-group has-feedback"
    >
      <label
        className="control-label"
        htmlFor="geneSymbol"
      >
        Gene Symbol
      </label>
      <input
        className="form-control"
        id="geneSymbol"
        onBlur={[Function]}
        onChange={[Function]}
        placeholder="e.g. BRAF"
        type="text"
        value=""
      />
    </div>
    <div
      className="form-group has-feedback"
    >
      <label
        className="control-label"
        htmlFor="proteinIndex"
      >
        Protien Index
      </label>
      <input
        className="form-control"
        id="proteinIndex"
        onChange={[Function]}
        placeholder="e.g. 600"
        type="number"
        value={600}
      />
    </div>
    <div
      className="form-group has-feedback"
    >
      <label
        className="control-label"
        htmlFor="proteinValue"
      >
        Protien Value
      </label>
      <select
        className="form-control"
        id="proteinValue"
        onChange={[Function]}
        placeholder="Protein letter e.g. V"
        type="text"
        value="V"
      >
        <option
          value="A"
        >
          A
           - 
          Alanine
           (
          Ala
          )
        </option>
        <option
          value="C"
        >
          C
           - 
          Cysteine
           (
          Cys
          )
        </option>
        <option
          value="D"
        >
          D
           - 
          Aspartic Acid
           (
          Asp
          )
        </option>
        <option
          value="E"
        >
          E
           - 
          Glutamic Acid
           (
          Glu
          )
        </option>
        <option
          value="F"
        >
          F
           - 
          Phenylalanine
           (
          Phe
          )
        </option>
        <option
          value="G"
        >
          G
           - 
          Glycine
           (
          Gly
          )
        </option>
        <option
          value="H"
        >
          H
           - 
          Histidine
           (
          His
          )
        </option>
        <option
          value="I"
        >
          I
           - 
          Isoleucine
           (
          Ile
          )
        </option>
        <option
          value="K"
        >
          K
           - 
          Lysine
           (
          Lys
          )
        </option>
        <option
          value="L"
        >
          L
           - 
          Leucine
           (
          Leu
          )
        </option>
        <option
          value="M"
        >
          M
           - 
          Methionine
           (
          Met
          )
        </option>
        <option
          value="N"
        >
          N
           - 
          Asparagine
           (
          Asn
          )
        </option>
        <option
          value="P"
        >
          P
           - 
          Proline
           (
          Pro
          )
        </option>
        <option
          value="Q"
        >
          Q
           - 
          Glutamine
           (
          Gln
          )
        </option>
        <option
          value="R"
        >
          R
           - 
          Arginine
           (
          Arg
          )
        </option>
        <option
          value="S"
        >
          S
           - 
          Serine
           (
          Ser
          )
        </option>
        <option
          value="T"
        >
          T
           - 
          Threonine
           (
          Thr
          )
        </option>
        <option
          value="V"
        >
          V
           - 
          Valine
           (
          Val
          )
        </option>
        <option
          value="W"
        >
          W
           - 
          Tryptophan
           (
          Trp
          )
        </option>
        <option
          value="X"
        >
          X
           - 
          X
           (
          X
          )
        </option>
        <option
          value="Y"
        >
          Y
           - 
          Tyrosine
           (
          Tyr
          )
        </option>
      </select>
    </div>
  </div>
</div>
`;
